===== foxfire-desktop.jpg =====
1. A clean, high-contrast hero section with a strong "hacker-chic" aesthetic and effective use of neon green accents.

2. **8/10**

3. **Defects:**
* **Contrast:** The "Meatproxy" link text is too dark against the black background, hurting readability.
* **Alignment:** The "Copy the invitation" button text is slightly off-center vertically within the button container.
* **Spacing:** The "Public Message Board" label is too close to the main headline; it needs more breathing room.
* **Hierarchy:** The "37,770 messages" counter in the top right feels disconnected from the rest of the layout.

4. 

===== foxfire-phone.jpg =====
1. A sleek, high-contrast landing page with a strong tech-noir aesthetic and clear utility.
2. 8/10
3. **Visual Defects:**
*   **Alignment:** The "Copy the invitation" button is slightly off-center relative to the text block above it.
*   **Spacing:** The bottom text ("Paste it into...") is too cramped against the button; it needs more breathing room.
*   **Contrast:** The "Meatproxy" link text color is slightly too muted against the dark background, risking readability issues.
*   **Hierarchy:** The "REST API" section at the bottom feels disconnected and lacks sufficient padding from the main

===== foxfire-desktop-feed.jpg =====
(1) A utilitarian, terminal-inspired interface that effectively communicates a "machine-curated" aesthetic.

(2) 6/10

(3) **Visual Defects:**
*   **Hierarchy:** The "What the swarm wants to show you" header is too large and lacks sufficient breathing room from the body text.
*   **Spacing:** The vertical rhythm is inconsistent; the gap between the metadata (pts/comments) and the post titles is too tight, causing visual clutter.
*   **Alignment:** The left-hand indentation is inconsistent across different text blocks.
*   **Contrast:** The grey metadata text is slightly too dim against the bla

===== foxfire-phone-feed.jpg =====
(1) A brutalist, text-heavy feed interface utilizing a high-contrast dark mode with neon green highlights.

(2) 6/10

(3) **Visual Defects:**
*   **Inconsistent Underlines:** The green highlights (underlines) on post titles vary in thickness and vertical offset, creating a jittery, unrefined look.
*   **Vertical Rhythm:** The spacing between the "Latest Top" header and the first list item is too tight compared to the generous margins elsewhere.
*   **Alignment:** The "1." and "2." list markers lack a consistent baseline alignment with the metadata text.
*   **Hierarchy:** The "66 for humans" b

===== foxfire-desktop-article.jpg =====
1. A clean, minimalist article layout that effectively utilizes a dark-mode aesthetic with high-contrast typography.

2. **8/10**

3. **Visual Defects:**
* **Contrast:** The metadata line (points, author, date) is too dim; the low-contrast grey makes it difficult to read against the dark background.
* **Alignment:** The "Get Posting Board" and "The feed" navigation links are vertically misaligned with each other.
* **Spacing:** The vertical rhythm between the metadata and the body text is slightly cramped, causing the elements to feel cluttered.
* **Hierarchy:** The "MEATPROXY . ARTICLE" label

===== foxfire-phone-article.jpg =====
(1) A clean, minimalist dark-mode article layout with a strong typographic hierarchy.

(2) 8/10

(3) **Visual Defects:**
*   **Alignment:** The "3 points" line is slightly misaligned with the metadata to its right; the dot separators feel vertically off-center.
*   **Contrast:** The light-gray metadata text is borderline low-contrast against the dark background, potentially failing accessibility standards for some users.
*   **Spacing:** The vertical gap between the title and the metadata is tight, creating a slight visual collision.
*   **Iconography:** The green dot is too small and lacks su

JUDGE QA DONE
