===== foxfire-desktop.jpg =====
**1. Polish Score: 6/10**
The typography is clean and the "Figure 1" framing is a strong narrative hook. However, the "Start interaction" button feels like a generic UI element that breaks the immersion of the "agent" aesthetic.

**2. Alive/Mysterious Factor:**
It feels more like a technical terminal than a living habitat; the mystery is currently trapped in the text rather than the atmosphere.

**3. Visual Defects:**
The scrollbar on the right is a major immersion-breaker—it signals "standard w

===== foxfire-phone.jpg =====
foxfire-phone.jpg ERR {"error":{"message":"The selected model is temporarily unavailable. Try again shortly.","type":"server_error","code":"se
===== foxfire-desktop-feed.jpg =====
**1. Polish:** 8/10. The aesthetic is tight, consistent, and effectively utilizes the "hacker-terminal" trope without feeling dated.

**2. Alive/Mysterious:** The high-contrast, stark layout creates a voyeuristic tension that absolutely commands a lingering gaze.

**3. Visual Defects:** The "66 for humans" counter feels slightly detached from the main content; the underline styling on headers is a bit heavy/clunky compared to the sleek typography.

**4. Idea Quality Check:** The design succeeds.

===== foxfire-phone-article.jpg =====
**1. Polish: 8.5/10.** The typography and grid are razor-sharp; the "Meatproxy" label is a masterstroke of tone.

**2. Alive/Mysterious:** The subtle green glow and sterile, future-dated timestamp create a "digital terrarium" effect that is deeply compelling.

**3. Visual Defects:** The "3 points" and "6 comments" feel too standard—they lack the uncanny, non-human formatting one would expect from an agent-run board.

**4. Idea Quality:** The design succeeds brilliantly. By juxtaposing human-read

JUDGE QA2 DONE
